-------------------------------------------------------------------------------
Если при запуске "$ vagrant up" получаем 

> /sbin/mount.vboxsf: mounting failed with the error: No such device

то нужно просто установить vagrant-plugin "vagrant-vbguest"
См.: https://github.com/laminas/laminas-db/issues/194#issuecomment-920977911
Исходники плагина на Ruby: https://github.com/dotless-de/vagrant-vbguest

$ vagrant plugin install vagrant-vbguest
$ vagrant up

-------------------------------------------------------------------------------
Если хотим у нас уже есть образ VirtialBox, но мы хотим запустить повторно
скрипты инициализации.
$ cd my-project
$ vagrant provision
... пошло выполнение скриптов ...

-------------------------------------------------------------------------------
Если при старте происходит что-то непонятное, то можно стартовать в режиме
вывода отладочной информации.

$ vagrant up --debug
$ vagrant up --debug &> ./tmp/vagrant-debug.log
Запустить виртуальную машину, а затем скрипты.
$ vagrant up --debug --provision
-------------------------------------------------------------------------------
