--------------------------------------------------------------------------------
-- Заметки о полезном софте
-- ABCDEFGHIJKLMNOPQRSTUVWXYZ
--------------------------------------------------------------------------------
-- Ссылки.
* https://www.opennet.ru/docs/RUS/LinuxShort/#h114-8
2.1 Основные пользовательские утилиты

--------------------------------------------------------------------------------
-- [A] ABCDEFGHIJKLMNOPQRSTUVWXYZ

[awk]
Внутренняя.
Связанные команды: 

Описание: awk - это утилита/язык для извлечения данных. 
Для выполнения различных практических задач по обработке текста awk часто 
используется совместно с sed.
В зависимости от поставленной задачи вы можете использовать либо awk, либо Perl, 
хотя это в большей степени зависит от личных предпочтений. 
Как и sed, awk читает за один раз одну строку, выполняет определенные действия в 
зависимости от заданных опций, и выводит результат. 
Одним из самых простых и популярных способов использования awk является выбор 
столбца из текстового файла или из вывода другой команды.

Ссылки:
* http://rus-linux.net/MyLDP/consol/awk.html
Изучаем команды linux: awk
* http://dbserv.pnpi.spb.ru/~shevel/Book/node72.html
9.5 Встроенные функции языка awk

Примеры
* Поиск подстроки в строке
Ищем "-key2-" в "-key1-key2-key3-". Результат - найдено в позиции 7.
$ echo | awk '{print match("-key1-key2-key3-", "-key2-")}'
7
Ищем "-key0-" в "-key1-key2-key3-". Результат - не найдено.
$ echo | awk '{print match("-key1-key2-key3-", "-key0-")}'
0
$ echo | awk '{print index("-key1-key2-key3-", "-key2-")}'
7

--------------------------------------------------------------------------------
-- [B] A BCDEFGHIJKLMNOPQRSTUVWXYZ
-------
[bc]
Внутренняя.
Связанные команды:
Описание: консольный калькулятор.

-------

[bg]
Внутренняя.
Связанные команды: jobs, fg

Команда bg отправляет задачу в фоновый режим.
Либо — запустить её в обычном режиме, после чего нажать комбинацию ctrl+Z, 
отправив ей сигнал TSTR. 
Подробнее о сигналах — в статье Linux&FreeBSD: команды kill, 
nohup — сигналы и управление процессами. 
После этого — она появится в списке jobs с новым номером
$ tar cpf usr.lib.tar usr/lib 2>/dev/null
# ^Z
# 3
# [8]+  Stopped                 tar cpf usr.lib.tar usr/lib 2> /dev/null

[brew]
Внешняя.
Связанные команды:

Еще один установщик софта
Например, устанавливаем "mitmproxy".
$ brew install mitmproxy

$ sudo apt install linuxbrew-wrapper
# В Linux Mint устанавливается, но не работает 
# Ошибка пры попытке установки ПО через brew
## Warning: /home/linuxbrew/.linuxbrew/bin is not in your PATH.
## /usr/bin/brew: 78: exec: /home/ivan/.linuxbrew/bin/brew: not found

# Альтернатива.
$ git clone https://github.com/Homebrew/linuxbrew.git ~/.linuxbrew
touch ~/.bash_profile
Добавляем строчки
export PATH="$HOME/.linuxbrew/bin:$PATH"
export MANPATH="$HOME/.linuxbrew/share/man:$MANPATH"
export INFOPATH="$HOME/.linuxbrew/share/info:$INFOPATH"

--------------------------------------------------------------------------------
-- [C] ABC DEFGHIJKLMNOPQRSTUVWXYZ
-------

[cat]

Вывод файла на экран
Ссылки:
Примеры:
$ cat /proc/loadavg

[cifs]
Внешняя.
Связанные команды:

Утилита позволяет монтировать сетевые ресурсы на свой диск.
@see https://www.shellhacks.com/ru/mount-remote-windows-partition-share-linux/

Установка
$ yum install cifs-utils
$ sudo apt-get install cifs-utils

Примеры:

Монтируем сетевую папку, защищенную паролем
$ sudo mount -t cifs //172.16.10.1/private /mnt/win/ -o user=admin,pass=secret

Монтируем незащищенную (гостевую) сетевую папку
$ sudo mount -t cifs //172.16.10.1/public /mnt/win/ -o guest

Монтируем незащищенную (гостевую) сетевую папку с ресурса Windows10. Писать могут: root.
$ sudo mount -t cifs //10.10.10.21/share/ /mnt/samba/10.10.10.21/share/ -o sec=ntlmv2,user=guest,password=

Монтируем незащищенную (гостевую) сетевую папку с ресурса Windows10. Писать могут: root, ivan.
1. Из консоли
$ sudo mount -t cifs //10.10.10.21/share/ /mnt/samba/10.10.10.21/share/ -o sec=ntlmv2,user=user,password=user,uid=ivan
2. Через /etc/fstab
//10.10.10.21/share/ /mnt/samba/10.10.10.21/share/ cifs iocharset=utf8,username=user,password=user,iocharset=utf8,sec=ntlmv2,uid=ivan 0 0

Монтируем целый диск
$ sudo mount -t cifs //172.16.10.1/c$ /mnt/win/ -o user=admin,pass=secret

[Cups-pdf]
Внешняя.
Связанные команды:

Cups-pdf пакет создающий виртуальный PDF-принтер для системы печати CUPS
Cups-pdf позволяет осуществлять печать в файл pdf-формата с любых приложений 
операционной среды и рабочих станций локальной сети. 

Ссылки:
http://tdkare.ru/sysadmin/index.php/Cups-pdf

--------------------------------------------------------------------------------
-- [D] ABCD EFGHIJKLMNOPQRSTUVWXYZ
-------

[diffuse]
Внешняя.
Связанные команды:

Графическая утилита для сравнения текстовых файлов. 

$ sudo apt install diffuse

Использование:

Удобно сравнивать исходники и конфиги.
Например:
1. Копируем оригинальный конфиг "/etc/squid/squid.conf"  в файл 
с именем "@orig.squid.conf". 
2. В "squid.conf" удаляем все закомментированные строки кроме 
разделов. Добавлям свои строчки конфигов.
3. В случае, когда нужно почитать описание опций и какие опции 
есть в разделе, запускаем сравнение в meld.
/etc/squid$ diffuse squid.conf @orig.squid.conf

-------

[dpkg-reconfigure]
Внутренняя.
Связанные команды:

dpkg-reconfigure - перенастраивает заново уже установленный пакет
--
# Управление доверенными CA-сертификатами.
# В Ubuntu сканирует каталог "/usr/share/ca-certificates" и ищет в нем файлы "*.crt" 
# После этого выдает консольное диалоговое окно, в котором можно отметить сертификаты.
$ sudo dpkg-reconfigure ca-certificates
--------------------------------------------------------------------------------
-- [E] ABCDE FGHIJKLMNOPQRSTUVWXYZ
-------

[expr]
Внутренняя.
Связанные команды: 

Описание: 

Ссылки:
* http://www.gnu.org/software/coreutils/manual/html_node/expr-invocation.html#expr-invocation

Примеры:
* Вычислить выражение
$ expr 1 + 2
3
* Вывод количества символов в строке
$ expr 'abcd' : '.*'
4
* Сравнение чисел
1 - true
0 - false
$ expr 5 \> 1
1
$ expr 5 \> 5
0
$ expr 5 \> 7
0
$ expr 5 \!= 7
1
$ expr 5 \!= 5
0




--------------------------------------------------------------------------------
-- [F] ABCDEF GHIJKLMNOPQRSTUVWXYZ
-------

[fg]
Внутренняя.
Связанные команды: jobs, bg 

Что бы вывести задачу из фонового режима — используется команда fg (foreground), которой можно 
либо передать номер задачи в качестве аргумента, либо — запустить без аргументов. 
В последнем случае — будет выведена задача, отмеченная знаком + в списке jobs, 
т.е. — последняя отправленная «в фон» задача.

--------------------------------------------------------------------------------
-- [G] ABCDEFG HIJKLMNOPQRSTUVWXYZ
-------

[glances]
Внутренняя.
Связанные команды:

В консоли в виде таблицы отображает информацию о загрузке системы.
Использование CPU (пользователь, система, ожидание).
Использование сети по интерфейсам.
Использование диска по точкам монтирования.

Ссылки:
https://www.tecmint.com/understand-linux-load-averages-and-monitor-performance/

Примеры:
$ glances

--------------------------------------------------------------------------------
-- [H] ABCDEFGH IJKLMNOPQRSTUVWXYZ
-------

[hexdump]
Внутренняя.
Связанные команды:

Позволяет просматрифайть файлы в шестнадцатиричном виде

-- Например, можно заглянуть внутрь бинарного JPG-файла
$ hexdump /~/images/myImage.jpg
0000000 d8ff e0ff 1000 464a 4649 0100 0101 6000
0000010 6000 0000 dbff 4300 0500 0404 0404 0503
0000020 0404 0604 0505 0806 080d 0708 0807 0b10
...

--------------------------------------------------------------------------------
-- [I] ABCDEFGHI JKLMNOPQRSTUVWXYZ
-------

[iostat]
Внутренняя.
Связанные команды:

Консольная утилита.
Показывает статистику по нагрузке на диски.

Установка:
$ sudo apt install sysstat
Запуск:
$ iostat -x -t -m 5

-------

[iotop]
Внешняя.
Связанные команды:

Консольная утилита. Показывает какие процессы вызывают максимальную нагрузку на чтение/запись диска.

Установка:
$ sudo apt install iotop
Запуск:
$ sudo iotop

--------------------------------------------------------------------------------
-- [J] ABCDEFGHIJ KLMNOPQRSTUVWXYZ
------

[jobs]
Внутренняя.
Связанные команды: fg, bg

Отобразить список текущих фоновых задач.
jobs, fg, bg — управление фоновыми процессами
Бывает, в консольном текстовом редакторе по привычке нажмешь CTRL+Z
для отмены изменений, а вместо отого редактор уходит в фон.


--------------------------------------------------------------------------------
-- [K] ABCDEFGHIJK LMNOPQRSTUVWXYZ
-------

[kdiff3]
Внешняя.
Связанные команды: 


Графическая утилита для сравнения текстовых файлов. 
Есть аналог получше - см. "diffuse".
Кривая подсветка, более-менее корректно определяет позицию 
вставок (т.е. корректно отображает разрывы текста).

Установка:

$ sudo apt install kdiff3

--------------------------------------------------------------------------------
-- [L] ABCDEFGHIJKL MNOPQRSTUVWXYZ
-------

[ln]
Внутренняя.
Связанные команды: unlink

Создает  символическую ссылку.

-- Например: Для папки "inp-dir-for-link" создать символическую ссылку "linked-dir".
$ ln -s /mnt/dio-zim-1tb/links/link.var.www/inp-dir-for-link/ /var/www/linked-dir

-------

[lsof]
Внутренняя.
Связанные команды:

Встроенная консольная команда. 
Отображает список открытых файлов.

# Показать список ip/порт, на которых висят слушатели
$ lsof -iTCP -sTCP:LISTEN -P

-------

[lsblk]
Внутренняя.
Связанные команды:

Выводит список блочных устройств.
В основном диски, в том числе виртуальные (truecrypt).

-------

[lscpu]
- display information about the CPU architecture

-- Например
$ lscpu
Architecture:        x86_64
CPU op-mode(s):      32-bit, 64-bit
Byte Order:          Little Endian
CPU(s):              4
On-line CPU(s) list: 0-3
Thread(s) per core:  2
Core(s) per socket:  2
Socket(s):           1
NUMA node(s):        1
Vendor ID:           GenuineIntel
CPU family:          6
Model:               37
Model name:          Intel(R) Core(TM) i5 CPU         650  @ 3.20GHz
Stepping:            2
CPU MHz:             1790.348
CPU max MHz:         3201,0000
CPU min MHz:         1200,0000
BogoMIPS:            6426.76
Virtualization:      VT-x
L1d cache:           32K
L1i cache:           32K
L2 cache:            256K
L3 cache:            4096K
NUMA node0 CPU(s):   0-3
Flags:               fpu vme de pse tsc msr pae mce cx8 apic sep mtrr pge mca cmov pat pse36 clflush dts acpi mmx fxsr sse sse2 ss ht tm pbe syscall nx rdtscp lm constant_tsc arch_perfmon pebs bts rep_good nopl xtopology nonstop_tsc cpuid aperfmperf pni pclmulqdq dtes64 monitor ds_cpl vmx smx est tm2 ssse3 cx16 xtpr pdcm sse4_1 sse4_2 popcnt aes lahf_lm pti ssbd ibrs ibpb stibp tpr_shadow vnmi flexpriority ept vpid dtherm ida arat flush_l1d
[lsipc]
- show information on IPC facilities currently employed in the system
DESCRIPTION
       lsipc shows information on the inter-process communication facilities for which the calling process has read access.

$ man lsipc
$ lsipc
$ lsipc -J

-------

[lspci]
Внутренняя.
Связанные команды:

Выводит список PCI-устройств.

-------

[lsusb]
Внутренняя.
Связанные команды:

Выводит список USB-устройств

--------------------------------------------------------------------------------
-- [M] ABCDEFGHIJKLM NOPQRSTUVWXYZ 
------

[meld]
Внешняя.
Связанные команды:

Графическая утилита для сравнения текстовых файлов. 
Есть аналог получше - см. "diffuse".
Отличная подсветка, совершенно некорректно определяет позицию 
вставок (т.е. некорректно отображает разрывы текста).

Установка:

$ sudo apt install meld

-------

[mesg]
Внутренняя.
Связанные команды: write

Команда "mesg" позволяет
1. узнать разрешена ли отправка сообщений для текущего пользователя
2. изменить разрешение на прием сообщений для текущего пользователя
@TODO: разобраться что за сообщения, для чего и как использовать.

Узнать свой статус
$ mesg
is y - Разрешено
is n - Запрещено

Разрешить текущему пользователю принимать сообщения от других пользователей
$ mesg y

-------

[mitproxy]
Внешняя.
Связанные команды:

https://mitmproxy.org/
Позволяет быстро запустить HTTP(S) прокси сервер и анализировать трафик.
Полезен Web-разработчикам.

# Установка в Linux Mint
https://community.linuxmint.com/software/view/mitmproxy
# Не работает. Есть открытый баг.
https://bugs.launchpad.net/ubuntu/+source/mitmproxy/+bug/1809179
https://github.com/mitmproxy/mitmproxy/issues/3471

# Установка при помощи brew
# Тоже не работает и ошибка та же.
$ brew install mitmproxy
$ sudo apt install mitmproxy
$ mitmproxy

# В итоге, просто скачал бинарник и запустил в sh-скрипте.
Качаем https://github.com/mitmproxy/mitmproxy/releases/tag/v4.0.4
Распаковываем в любую папку и в ней же создаем скрипт
run-mitmproxy.sh
#!/bin/bash
cd $(dirname $(readlink -e $0)) #переход в директорию текущего скрипта
echo 'workDir='`pwd` # вывод текущего пути
./mitmproxy 
return 0;

$ netstat -antp | grep LISTEN
tcp6       0      0 :::8080                 :::*                    LISTEN      18602/./mitmproxy  

[mv]
Внутренняя.
Связанные команды: rename

Команда "mv" позволяет переносить и переименовывать файлы и каталоги.

Примеры:
$ mv -v 'link.txt' 't_file.txt'
renamed 'link.txt' -> 't_file.txt'
$ mkdir -v myDir1 ; mv -v myDir1 myDir2 ; ll -v myDir2

--------------------------------------------------------------------------------
-- [N] ABCDEFGHIJKLMN OPQRSTUVWXYZ
------

[nano]
Внешняя.
Связанные команды:

Консольный текстовый редактор.
Ctrl+G или F1 	Показать справку
Ctrl+X или F2 	Выйти из nano
Ctrl+O или F3 	Сохранить внесенные изменения
Ctrl+W или F6 	Поиск по файлу
Ctrl+K или F9 	Вырезать текущую строку и запомнить
Ctrl+U или F10 	Вставить
Alt+A 	Начать выделение текста
Ctrl+K 	Вырезать выделенный текст
Alt+6 	Скопировать выделенный текст

[nmap]
# Проверить доступен ли порт на компе с заданным IP
$ nmap -p T:139 10.10.10.21

--------------------------------------------------------------------------------
-- [O] ABCDEFGHIJKLMNO PQRSTUVWXYZ
-------

[openssh-server]
Внешняя.
Связанные команды: ssh

SSH-сервер. Позволяет другим подключаться к компьютерупо ssh.

Установка
$ sudo apt-get install openssh-server

Посмотреть статус.
$ sudo service ssh status

Перезагрузить
$ sudo service ssh restart

Перегрузить, вариант 2
$ ps aux | grep ssh

--------------------------------------------------------------------------------
-- [P] ABCDEFGHIJKLMNOP QRSTUVWXYZ
-------
--------------------------------------------------------------------------------
-- [Q] ABCDEFGHIJKLMNOPQ RSTUVWXYZ
-------

--------------------------------------------------------------------------------
-- [R] ABCDEFGHIJKLMNOPQR STUVWXYZ
-------
[rename]
Внутренняя.
Связанные команды: mv

Переименовывает множество файлов.

Примеры.

-- Тест на переименование (ключ -n).
1. Создаются тестовые файлы: myFile1.txt  myFile2.txt  myFileF.txt.
2. Выводится их список
3. Тест на переименование.
$ touch myFile1.txt myFile2.txt myFile321.txt myFileF.txt ; ls myFile* ; rename -n 's/\d.txt/*123*.txt/' *.*
myFile1.txt  myFile2.txt  myFileF.txt
rename(myFile1.txt, myFile*123*.txt)
rename(myFile2.txt, myFile*123*.txt)

-- То же, что и предыдущий пример, но длинна числового фрагмента должна быть от 2 до 5 символов
$ touch myFile1.txt myFile2.txt myFile321.txt myFileF.txt ; ls myFile* ; rename -n 's/\d{2,5}.txt/*123*.txt/' *.*
rename(myFile321.txt, myFile*123*.txt)

--------------------------------------------------------------------------------
-- [S] ABCDEFGHIJKLMNOPQRS TUVWXYZ
------

[ssh]
Внутренняя.
Связвнные команды: openssh-server

ssh-клиент. Позволяет установить соединение по ssh.

Подклюючиться по ssh пользователем "ivan" к своему же компьютеру.
$ ssh ivan@localhost


[sslscan]
Внутренняя.
Связанные команды:

Позволяет посмотреть какие версии SSL поддерживаются веб-сервером.
Проект тут https://github.com/rbsec/sslscan

Установка 
$ sudo apt install sslscan

Информация о версии 
$ sslscan
1.11.5
OpenSSL 1.0.2n  7 Dec 2017

Использование
$ sslscan https://google.com



--------------------------------------------------------------------------------
-- [T] ABCDEFGHIJKLMNOPQRST UVWXYZ
------

[tar]
Внутренняя.
Связанные команды:

Встроенная консольная утилита.
Позволяет упаковывать и распаковывать файлы и директории.
Основные ключи:
x  - распаковать
-C - директория назначения, куда распаковать
-v - многословный режим - выводит информацию по каждому копируемому файлу

# Распаковать Java JDK в указанную директорию
$ sudo tar xfvz jdk-7u80-linux-x64.tar.gz -C  /usr/lib/jvm/

------
[test]
Внутренняя.
Связанные команды:

Описание: Проверяет типы файлов и сравнивает значения.
0 - true
1 - false

Ссылки:
* https://www.ibm.com/developerworks/ru/library/l-bash-test/index.html
Функции сравнения и тестирования в Bash

Примеры: См. "soft-test.txt".
$ test 3 -eq 3; echo $?
0
$ test 3 -eq 4; echo $?
1
Если "tmp" каталог
if [ -d "tmp/" ]; then echo "TRUE"; else echo "FALSE"; fi
Если "dest.txt" НЕ каталог.
if [ ! -d "tmp/" ]; then echo "TRUE - это НЕ каталог"; else echo "FALSE - Это каталог "; fi

------

[top]

Вывести топ процессов
$top

--------------------------------------------------------------------------------
-- [U] ABCDEFGHIJKLMNOPQRSTU VWXYZ
------

[unlink]
Внутренняя.
Связанные команды:

Удаляет символическую ссылку.

Например:
$ unlink /var/www/linked-dir


[uptime]
Внутренняя.
Связанные команды:

Возвращает информацию о времени непрерывной работы и средней загрузке ОС.
$ uptime
07:13:53 up 8 days, 19 min,  1 user,  load average: 1.98, 2.15, 2.21
load average - средняя загрузка за минуту, 5 минут, 15 минут.

--------------------------------------------------------------------------------
-- [V] ABCDEFGHIJKLMNOPQRSTUV WXYZ
------

--------------------------------------------------------------------------------
-- [W] ABCDEFGHIJKLMNOPQRSTUVW XYZ
------

[who]
Внутренняя.
Связанные команды:

Выводит список пользователей, работающих в системе

$ who
$ who
ivan     tty1         2020-02-07 10:42
ivan     tty7         2020-02-03 09:05 (:0)
ivan     pts/12       2020-02-07 10:53 (127.0.0.1)

[write]
Внутренняя.
Связвнные команды: mesg

write ivan pts/12

--------------------------------------------------------------------------------
-- [X] ABCDEFGHIJKLMNOPQRSTUVWX YZ
------

--------------------------------------------------------------------------------
-- [Y] ABCDEFGHIJKLMNOPQRSTUVWXY Z
------

--------------------------------------------------------------------------------
-- [Z] ABCDEFGHIJKLMNOPQRSTUVWXYZ
------

--------------------------------------------------------------------------------


